Microchip MPLAB XC8 Compiler V2.32

Linker command line:

-W-3 --edf=C:\Program Files\Microchip\xc8\v2.32\pic\dat\en_msgs.txt -cn \
  -h+dist/default/production\Maquina_de_Cafe.X.production.sym \
  --cmf=dist/default/production\Maquina_de_Cafe.X.production.cmf -z \
  -Q18F4520 -oC:\Users\KEVINL~1\AppData\Local\Temp\xcAs2po.4 \
  -Mdist/default/production/Maquina_de_Cafe.X.production.map -E1 \
  -ver=XC8 Compiler -ASTACK=0177h-05FFh -pstack=STACK -ACODE=00h-07FFFh \
  -ACONST=00h-07FFFh -ASMALLCONST=0600h-06FFhx122 \
  -AMEDIUMCONST=0600h-07FFFh -ACOMRAM=01h-07Fh -AABS1=00h-05FFh \
  -ABIGRAM=01h-05FFh -ARAM=080h-0FFh,0100h-01FFhx5 -ABANK0=080h-0FFh \
  -ABANK1=0100h-01FFh -ABANK2=0200h-02FFh -ABANK3=0300h-03FFh \
  -ABANK4=0400h-04FFh -ABANK5=0500h-05FFh -ASFR=0F80h-0FFFh \
  -ACONFIG=0300000h-030000Dh -AIDLOC=0200000h-0200007h \
  -AEEDATA=0F00000h-0F000FFh -peeprom_data=EEDATA \
  -preset_vec=00h,intcode,intcodelo,powerup,init -pramtop=0600h \
  -psmallconst=SMALLCONST -pmediumconst=MEDIUMCONST -pconst=CONST \
  -AFARRAM=00h-00h \
  -prdata=COMRAM,nvrram=COMRAM,nvbit=COMRAM,rbss=COMRAM,rbit=COMRAM \
  -pfarbss=FARRAM,fardata=FARRAM,nvFARRAM=FARRAM \
  -pintsave_regs=BIGRAM,bigbss=BIGRAM,bigdata=BIGRAM -pbss=RAM \
  -pidata=CODE,irdata=CODE,ibigdata=CODE,ifardata=CODE -prparam=COMRAM \
  C:\Users\KEVINL~1\AppData\Local\Temp\xcAs2po.obj \
  dist/default/production\Maquina_de_Cafe.X.production.obj 

Object code version is 3.11

Machine type is 18F4520



                Name                               Link     Load   Length Selector   Space Scale
C:\Users\KEVINL~1\AppData\Local\Temp\xcAs2po.obj
                idloc                            200000   200000        8        0       5
                config                           300000   300000        E        0       4
                init                                  0        0        4        0       0
dist/default/production\Maquina_de_Cafe.X.production.obj
                idloc                            200000   200000        8        0       5
                config                           300000   300000        E        0       4
                smallconst                          600      600       12      300       0
                text21                             13A4     13A4        E      84C       0
                text20                             1392     1392       12      84C       0
                text19                              7B8      7B8      1A6      309       0
                text18                             1104     1104       68      84C       0
                text17                             1218     1218       54      84C       0
                text16                             137E     137E       14      84C       0
                text15                             126C     126C       52      84C       0
                text14                             1358     1358       26      84C       0
                text13                             1098     1098       6C      84C       0
                text12                              95E      95E      12E      309       0
                text11                             12BE     12BE       46      84C       0
                text10                              DF0      DF0       E6      309       0
                text9                               A8C      A8C      124      309       0
                text8                              13BC     13BC        A      84C       0
                text7                              132E     132E       2A      84C       0
                text6                               CD0      CD0      120      309       0
                text5                               ED6      ED6       D2      309       0
                text4                              13B2     13B2        A      84C       0
                text3                               612      612      1A6      309       0
                text2                               FA8      FA8       78      309       0
                text1                              11C2     11C2       56      84C       0
                text0                               BB0      BB0      120      309       0
                cstackCOMRAM                          1        1       6D        1       1
                cstackBANK0                          80       80       4F       80       1
                dataBANK1                           100      100       77      100       1
                dataBANK0                            CF       CF       2A       80       1
                bssCOMRAM                            6E       6E        C        1       1
                cinit                              116C     116C       56      84C       0
                idataBANK1                         1020     1020       77      309       0
                idataBANK0                         1304     1304       2A      84C       0

TOTAL           Name                               Link     Load   Length     Space
        CLASS   STACK          

        CLASS   CODE           
                init                                  0        0        4         0
                text21                             13A4     13A4        E         0
                text20                             1392     1392       12         0
                text19                              7B8      7B8      1A6         0
                text18                             1104     1104       68         0
                text17                             1218     1218       54         0
                text16                             137E     137E       14         0
                text15                             126C     126C       52         0
                text14                             1358     1358       26         0
                text13                             1098     1098       6C         0
                text12                              95E      95E      12E         0
                text11                             12BE     12BE       46         0
                text10                              DF0      DF0       E6         0
                text9                               A8C      A8C      124         0
                text8                              13BC     13BC        A         0
                text7                              132E     132E       2A         0
                text6                               CD0      CD0      120         0
                text5                               ED6      ED6       D2         0
                text4                              13B2     13B2        A         0
                text3                               612      612      1A6         0
                text2                               FA8      FA8       78         0
                text1                              11C2     11C2       56         0
                text0                               BB0      BB0      120         0
                cinit                              116C     116C       56         0
                idataBANK1                         1020     1020       77         0
                idataBANK0                         1304     1304       2A         0

        CLASS   CONST          

        CLASS   SMALLCONST     
                smallconst                          600      600       12         0

        CLASS   MEDIUMCONST    

        CLASS   COMRAM         
                cstackCOMRAM                          1        1       6D         1
                bssCOMRAM                            6E       6E        C         1

        CLASS   ABS1           

        CLASS   BIGRAM         

        CLASS   RAM            

        CLASS   BANK0          
                cstackBANK0                          80       80       4F         1
                dataBANK0                            CF       CF       2A         1

        CLASS   BANK1          
                dataBANK1                           100      100       77         1

        CLASS   BANK2          

        CLASS   BANK3          

        CLASS   BANK4          

        CLASS   BANK5          

        CLASS   SFR            

        CLASS   CONFIG         
                config                           300000   300000        E         4

        CLASS   IDLOC          
                idloc                            200000   200000        8         5

        CLASS   EEDATA         

        CLASS   FARRAM         



SEGMENTS        Name                           Load    Length   Top    Selector   Space  Class

                reset_vec                      000000  000004  000004         0       0  CODE    
                cstackCOMRAM                   000001  000079  00007A         1       1  COMRAM  
                cstackBANK0                    000080  000079  0000F9        80       1  BANK0   
                dataBANK1                      000100  000077  000177       100       1  BANK1   
                smallconst                     000600  000012  000612       300       0  SMALLCON
                text3                          000612  000A85  001097       309       0  CODE    
                text13                         001098  00032E  0013C6       84C       0  CODE    


UNUSED ADDRESS RANGES

        Name                Unused          Largest block    Delta
        BANK0            0000F9-0000FF                7
        BANK1            000177-0001FF               89
        BANK2            000200-0002FF              100
        BANK3            000300-0003FF              100
        BANK4            000400-0004FF              100
        BANK5            000500-0005FF              100
        BIGRAM           00007A-00007F                6
                         0000F9-0000FF                7
                         000177-0005FF              489
        CODE             000004-0005FF              5FC
                         001097-001097                1
                         0013C6-007FFF             6C3A
        COMRAM           00007A-00007F                6
        CONST            000004-0005FF              5FC
                         001097-001097                1
                         0013C6-007FFF             6C3A
        EEDATA           F00000-F000FF              100
        MEDIUMCONST      001097-001097                1
                         0013C6-007FFF             6C3A
        RAM              0000F9-0000FF                7
                         000177-0005FF              100
        SFR              000F80-000FFF               80
        SMALLCONST       001097-001097                1
                         0013C6-007FFF              100
        STACK            000177-0005FF              489

                                  Symbol Table

?___lwdiv                cstackCOMRAM 000001
?___wmul                 cstackCOMRAM 000001
?_kpRead                 cstackCOMRAM 000001
Delay2ms@i               cstackCOMRAM 000002
Delay40us@i              cstackCOMRAM 000001
Tela1@F76                dataBANK0    0000ED
Tela1@F78                dataBANK1    00015E
Tela1@i                  cstackBANK0  000098
Tela1@msg1               cstackBANK0  00008E
Tela1@msg2               cstackBANK0  000080
Tela1@tecla              cstackBANK0  000097
Tela2@F78                dataBANK0    0000E3
Tela2@F80                dataBANK0    0000D9
Tela2@F82                dataBANK0    0000CF
Tela2@i                  cstackCOMRAM 000069
Tela2@msg1               cstackCOMRAM 000049
Tela2@msg2               cstackCOMRAM 000053
Tela2@msg3               cstackCOMRAM 00005D
Tela2@tecla              cstackCOMRAM 000067
Tela2@time               cstackCOMRAM 000068
Tela3@F92                dataBANK1    00016C
Tela3@F94                dataBANK1    000150
Tela3@F96                dataBANK1    000100
Tela3@i                  cstackCOMRAM 000046
Tela3@logo1              cstackCOMRAM 00000D
Tela3@msg1               cstackCOMRAM 00003B
Tela3@msg2               cstackCOMRAM 00002D
_Delay2ms                text20       001392
_Delay40us               text21       0013A4
_PORTA                   (abs)        000F80
_PORTB                   (abs)        000F81
_PORTC                   (abs)        000F82
_PORTD                   (abs)        000F83
_PORTE                   (abs)        000F84
_TRISA                   (abs)        000F92
_TRISB                   (abs)        000F93
_TRISC                   (abs)        000F94
_TRISD                   (abs)        000F95
_TRISE                   (abs)        000F96
_Tela1                   text5        000ED6
_Tela2                   text6        000CD0
_Tela3                   text10       000DF0
__HRAM                   (abs)        000000
__Habs1                  abs1         000000
__Hbank0                 bank0        000000
__Hbank1                 bank1        000000
__Hbank2                 bank2        000000
__Hbank3                 bank3        000000
__Hbank4                 bank4        000000
__Hbank5                 bank5        000000
__Hbigbss                bigbss       000000
__Hbigdata               bigdata      000000
__Hbigram                bigram       000000
__Hbss                   bss          000000
__HbssCOMRAM             bssCOMRAM    000000
__Hcinit                 cinit        000000
__Hclrtext               clrtext      000000
__Hcomram                comram       000000
__Hconfig                config       30000E
__Hconst                 const        000000
__HcstackBANK0           cstackBANK0  000000
__HcstackCOMRAM          cstackCOMRAM 000000
__Hdata                  data         000000
__HdataBANK0             dataBANK0    000000
__HdataBANK1             dataBANK1    000000
__Heeprom_data           eeprom_data  000000
__Hfarbss                farbss       000000
__Hfardata               fardata      000000
__Hibigdata              ibigdata     000000
__Hidata                 idata        000000
__HidataBANK0            idataBANK0   000000
__HidataBANK1            idataBANK1   000000
__Hidloc                 idloc        200008
__Hifardata              ifardata     000000
__Hinit                  init         000004
__Hintcode               intcode      000000
__Hintcode_body          intcode_body 000000
__Hintcodelo             intcodelo    000000
__Hintentry              intentry     000000
__Hintret                intret       000000
__Hintsave_regs          intsave_regs 000000
__Hirdata                irdata       000000
__Hmediumconst           mediumconst  000000
__HnvFARRAM              nvFARRAM     000000
__Hnvbit                 nvbit        000000
__Hnvrram                nvrram       000000
__Hparam                 rparam       000000
__Hpowerup               powerup      000000
__Hram                   ram          000000
__Hramtop                ramtop       000600
__Hrbit                  rbit         000000
__Hrbss                  rbss         000000
__Hrdata                 rdata        000000
__Hreset_vec             reset_vec    000000
__Hrparam                rparam       000000
__Hsfr                   sfr          000000
__Hsmallconst            smallconst   000612
__Hspace_0               (abs)        0013C6
__Hspace_1               (abs)        000177
__Hspace_2               (abs)        000000
__Hspace_4               (abs)        60000E
__Hstack                 stack        000000
__Hstruct                struct       000000
__Htemp                  temp         000000
__Htext                  text         000000
__Htext0                 text0        000000
__Htext1                 text1        000000
__Htext10                text10       000000
__Htext11                text11       000000
__Htext12                text12       000000
__Htext13                text13       000000
__Htext14                text14       000000
__Htext15                text15       000000
__Htext16                text16       000000
__Htext17                text17       000000
__Htext18                text18       000000
__Htext19                text19       000000
__Htext2                 text2        000000
__Htext20                text20       000000
__Htext21                text21       000000
__Htext3                 text3        000000
__Htext4                 text4        000000
__Htext5                 text5        000000
__Htext6                 text6        000000
__Htext7                 text7        000000
__Htext8                 text8        000000
__Htext9                 text9        000000
__LRAM                   (abs)        000001
__Labs1                  abs1         000000
__Lbank0                 bank0        000000
__Lbank1                 bank1        000000
__Lbank2                 bank2        000000
__Lbank3                 bank3        000000
__Lbank4                 bank4        000000
__Lbank5                 bank5        000000
__Lbigbss                bigbss       000000
__Lbigdata               bigdata      000000
__Lbigram                bigram       000000
__Lbss                   bss          000000
__LbssCOMRAM             bssCOMRAM    000000
__Lcinit                 cinit        000000
__Lclrtext               clrtext      000000
__Lcomram                comram       000000
__Lconfig                config       000000
__Lconst                 const        000000
__LcstackBANK0           cstackBANK0  000000
__LcstackCOMRAM          cstackCOMRAM 000000
__Ldata                  data         000000
__LdataBANK0             dataBANK0    000000
__LdataBANK1             dataBANK1    000000
__Leeprom_data           eeprom_data  000000
__Lfarbss                farbss       000000
__Lfardata               fardata      000000
__Libigdata              ibigdata     000000
__Lidata                 idata        000000
__LidataBANK0            idataBANK0   000000
__LidataBANK1            idataBANK1   000000
__Lidloc                 idloc        000000
__Lifardata              ifardata     000000
__Linit                  init         000000
__Lintcode               intcode      000000
__Lintcode_body          intcode_body 000000
__Lintcodelo             intcodelo    000000
__Lintentry              intentry     000000
__Lintret                intret       000000
__Lintsave_regs          intsave_regs 000000
__Lirdata                irdata       000000
__Lmediumconst           mediumconst  000000
__LnvFARRAM              nvFARRAM     000000
__Lnvbit                 nvbit        000000
__Lnvrram                nvrram       000000
__Lparam                 rparam       000000
__Lpowerup               powerup      000000
__Lram                   ram          000000
__Lramtop                ramtop       000600
__Lrbit                  rbit         000000
__Lrbss                  rbss         000000
__Lrdata                 rdata        000000
__Lreset_vec             reset_vec    000000
__Lrparam                rparam       000000
__Lsfr                   sfr          000000
__Lsmallconst            smallconst   000600
__Lspace_0               (abs)        000000
__Lspace_1               (abs)        000000
__Lspace_2               (abs)        000000
__Lspace_4               (abs)        000000
__Lstack                 stack        000000
__Lstruct                struct       000000
__Ltemp                  temp         000000
__Ltext                  text         000000
__Ltext0                 text0        000000
__Ltext1                 text1        000000
__Ltext10                text10       000000
__Ltext11                text11       000000
__Ltext12                text12       000000
__Ltext13                text13       000000
__Ltext14                text14       000000
__Ltext15                text15       000000
__Ltext16                text16       000000
__Ltext17                text17       000000
__Ltext18                text18       000000
__Ltext19                text19       000000
__Ltext2                 text2        000000
__Ltext20                text20       000000
__Ltext21                text21       000000
__Ltext3                 text3        000000
__Ltext4                 text4        000000
__Ltext5                 text5        000000
__Ltext6                 text6        000000
__Ltext7                 text7        000000
__Ltext8                 text8        000000
__Ltext9                 text9        000000
__S0                     (abs)        0013C6
__S1                     (abs)        000177
__S2                     (abs)        000000
__S4                     (abs)        000000
__S5                     (abs)        000000
___inthi_sp              stack        000000
___intlo_sp              stack        000000
___lwdiv                 text15       00126C
___lwdiv@counter         cstackCOMRAM 000007
___lwdiv@dividend        cstackCOMRAM 000001
___lwdiv@divisor         cstackCOMRAM 000003
___lwdiv@quotient        cstackCOMRAM 000005
___param_bank            (abs)        000000
___rparam_used           (abs)        000001
___sp                    stack        000000
___wmul                  text14       001358
___wmul@multiplicand     cstackCOMRAM 000003
___wmul@multiplier       cstackCOMRAM 000001
___wmul@product          cstackCOMRAM 000005
__accesstop              (abs)        000080
__activetblptr           (abs)        000002
__end_of_Delay2ms        text20       0013A4
__end_of_Delay40us       text21       0013B2
__end_of_Tela1           text5        000FA8
__end_of_Tela2           text6        000DF0
__end_of_Tela3           text10       000ED6
__end_of___lwdiv         text15       0012BE
__end_of___wmul          text14       00137E
__end_of__initialization cinit        0011B8
__end_of_digitalWrite    text19       00095E
__end_of_kpDebounce      text9        000BB0
__end_of_kpInit          text4        0013BC
__end_of_kpRead          text8        0013C6
__end_of_lcdCommand      text18       00116C
__end_of_lcdData         text17       00126C
__end_of_lcdInit         text2        001020
__end_of_main            text0        000CD0
__end_of_pinMode         text3        0007B8
__end_of_pwmInit         text16       001392
__end_of_pwmSet1         text13       001104
__end_of_ssdDigit        text7        001358
__end_of_ssdInit         text1        001218
__end_of_ssdUpdate       text12       000A8C
__end_of_tempo           text11       001304
__end_of_valor@ssd$F163  smallconst   000611
__initialization         cinit        00116C
__mediumconst            mediumconst  000000
__pbssCOMRAM             bssCOMRAM    00006E
__pcinit                 cinit        00116C
__pcstackBANK0           cstackBANK0  000080
__pcstackCOMRAM          cstackCOMRAM 000001
__pdataBANK0             dataBANK0    0000CF
__pdataBANK1             dataBANK1    000100
__pidataBANK0            idataBANK0   001304
__pidataBANK1            idataBANK1   001020
__psmallconst            smallconst   000600
__ptext0                 text0        000BB0
__ptext1                 text1        0011C2
__ptext10                text10       000DF0
__ptext11                text11       0012BE
__ptext12                text12       00095E
__ptext13                text13       001098
__ptext14                text14       001358
__ptext15                text15       00126C
__ptext16                text16       00137E
__ptext17                text17       001218
__ptext18                text18       001104
__ptext19                text19       0007B8
__ptext2                 text2        000FA8
__ptext20                text20       001392
__ptext21                text21       0013A4
__ptext3                 text3        000612
__ptext4                 text4        0013B2
__ptext5                 text5        000ED6
__ptext6                 text6        000CD0
__ptext7                 text7        00132E
__ptext8                 text8        0013BC
__ptext9                 text9        000A8C
__ramtop                 ramtop       000600
__size_of_Delay2ms       (abs)        000000
__size_of_Delay40us      (abs)        000000
__size_of_Tela1          (abs)        000000
__size_of_Tela2          (abs)        000000
__size_of_Tela3          (abs)        000000
__size_of___lwdiv        (abs)        000000
__size_of___wmul         (abs)        000000
__size_of_digitalWrite   (abs)        000000
__size_of_kpDebounce     (abs)        000000
__size_of_kpInit         (abs)        000000
__size_of_kpRead         (abs)        000000
__size_of_lcdCommand     (abs)        000000
__size_of_lcdData        (abs)        000000
__size_of_lcdInit        (abs)        000000
__size_of_main           (abs)        000000
__size_of_pinMode        (abs)        000000
__size_of_pwmInit        (abs)        000000
__size_of_pwmSet1        (abs)        000000
__size_of_ssdDigit       (abs)        000000
__size_of_ssdInit        (abs)        000000
__size_of_ssdUpdate      (abs)        000000
__size_of_tempo          (abs)        000000
__smallconst             smallconst   000600
_digitalWrite            text19       0007B8
_display                 bssCOMRAM    000078
_kpDebounce              text9        000A8C
_kpInit                  text4        0013B2
_kpRead                  text8        0013BC
_lcdCommand              text18       001104
_lcdData                 text17       001218
_lcdInit                 text2        000FA8
_main                    text0        000BB0
_pinMode                 text3        000612
_pwmInit                 text16       00137E
_pwmSet1                 text13       001098
_ssdDigit                text7        00132E
_ssdInit                 text1        0011C2
_ssdUpdate               text12       00095E
_tempo                   text11       0012BE
_v0                      bssCOMRAM    000077
_v1                      bssCOMRAM    000076
_v2                      bssCOMRAM    000075
_v3                      bssCOMRAM    000074
_valor                   bssCOMRAM    000072
_valor@ssd$F163          smallconst   000601
digitalWrite@pin         cstackCOMRAM 000001
digitalWrite@value       cstackCOMRAM 000003
end_of_initialization    cinit        0011B8
intlevel0                text         000000
intlevel1                text         000000
intlevel2                text         000000
intlevel3                text         000000
isa$std                  (abs)        000001
isa$xinst                (abs)        000000
kpDebounce@i             cstackCOMRAM 00000A
kpDebounce@j             cstackCOMRAM 000009
kpDebounce@k             cstackCOMRAM 000007
kpDebounce@old_D         cstackCOMRAM 000006
kpDebounce@tempo         bssCOMRAM    000079
kpDebounce@valorAntigo   bssCOMRAM    00006E
kpDebounce@valorNovo     bssCOMRAM    000070
lcdCommand@cmd           cstackCOMRAM 000008
lcdCommand@old_D         cstackCOMRAM 000007
lcdData@old_D            cstackCOMRAM 000008
lcdData@valor            cstackCOMRAM 000007
main@F76                 dataBANK1    000140
main@F78                 dataBANK0    0000F6
main@F82                 dataBANK1    000120
main@i                   cstackBANK0  0000CE
main@logo1               cstackBANK0  000099
main@msg1                cstackBANK0  0000B9
main@msg2                cstackBANK0  0000C9
main@tecla               cstackBANK0  0000CC
main@time                cstackBANK0  0000CD
pinMode@pin              cstackCOMRAM 000001
pinMode@type             cstackCOMRAM 000003
pwmSet1@porcento         cstackCOMRAM 00000A
pwmSet1@val              cstackCOMRAM 00000B
ssdDigit@pos             cstackCOMRAM 000001
ssdDigit@val             cstackCOMRAM 000002
stackhi                  (abs)        0005FF
stacklo                  (abs)        000177
start                    init         000000
start_initialization     cinit        00116C
tempo@i                  cstackCOMRAM 00000C
tempo@j                  cstackCOMRAM 00000A
tempo@k                  cstackCOMRAM 00000B
tempo@l                  cstackCOMRAM 000009
tempo@v                  cstackCOMRAM 000008


MODULE INFORMATION

Module		Function		Class		Link	Load	Size
ssd.c
		_ssdInit       		CODE           	11C2	0000	86
		_ssdDigit      		CODE           	132E	0000	42
		_ssdUpdate     		CODE           	095E	0000	302

ssd.c estimated size: 430

keypad.c
		_kpInit        		CODE           	13B2	0000	10
		_kpDebounce    		CODE           	0A8C	0000	292
		_kpRead        		CODE           	13BC	0000	10

keypad.c estimated size: 312

tela2.c
		_Tela2         		CODE           	0CD0	0000	288

tela2.c estimated size: 288

io.c
		_digitalWrite  		CODE           	07B8	0000	422
		_pinMode       		CODE           	0612	0000	422

io.c estimated size: 844

pwm.c
		_pwmInit       		CODE           	137E	0000	20
		_pwmSet1       		CODE           	1098	0000	108

pwm.c estimated size: 128

shared
		_valor@ssd$F163		SMALLCONST     	0601	0000	16
		__initialization		CODE           	116C	0000	76

shared estimated size: 92

tela3.c
		_tempo         		CODE           	12BE	0000	70
		_Tela3         		CODE           	0DF0	0000	230

tela3.c estimated size: 300

tela1.c
		_Tela1         		CODE           	0ED6	0000	210

tela1.c estimated size: 210

lcd.c
		_lcdCommand    		CODE           	1104	0000	104
		_Delay40us     		CODE           	13A4	0000	14
		_lcdInit       		CODE           	0FA8	0000	120
		_lcdData       		CODE           	1218	0000	84
		_Delay2ms      		CODE           	1392	0000	18

lcd.c estimated size: 340

C:\Program Files\Microchip\xc8\v2.32\pic\sources\c90\common\lwdiv.c
		___lwdiv       		CODE           	126C	0000	82

C:\Program Files\Microchip\xc8\v2.32\pic\sources\c90\common\lwdiv.c estimated size: 82

C:\Program Files\Microchip\xc8\v2.32\pic\sources\c90\common\Umul16.c
		___wmul        		CODE           	1358	0000	38

C:\Program Files\Microchip\xc8\v2.32\pic\sources\c90\common\Umul16.c estimated size: 38

main.c
		_main          		CODE           	0BB0	0000	288

main.c estimated size: 288

